error: SomethingFailed should sort before ThatFailed
  |
7 |     SomethingFailed,
  |     ^^^^^^^^^^^^^^^
